--
-- First, define the conversion.  Turn off echoing so that expected file
-- does not depend on the installer script.
--
SET client_min_messages = warning;
\set ECHO none
 enable_eudc 
-------------
 
(1 row)

RESET client_min_messages;
